{
  "version": "1.5.0",
  "plugins_used": [
    {
      "name": "ArtifactoryDetector"
    },
    {
      "name": "AWSKeyDetector"
    },
    {
      "name": "AzureStorageKeyDetector"
    },
    {
      "name": "Base64HighEntropyString",
      "limit": 4.5
    },
    {
      "name": "BasicAuthDetector"
    },
    {
      "name": "CloudantDetector"
    },
    {
      "name": "DiscordBotTokenDetector"
    },
    {
      "name": "GitHubTokenDetector"
    },
    {
      "name": "GitLabTokenDetector"
    },
    {
      "name": "HexHighEntropyString",
      "limit": 3.0
    },
    {
      "name": "IbmCloudIamDetector"
    },
    {
      "name": "IbmCosHmacDetector"
    },
    {
      "name": "IPPublicDetector"
    },
    {
      "name": "JwtTokenDetector"
    },
    {
      "name": "KeywordDetector",
      "keyword_exclude": ""
    },
    {
      "name": "MailchimpDetector"
    },
    {
      "name": "NpmDetector"
    },
    {
      "name": "OpenAIDetector"
    },
    {
      "name": "PrivateKeyDetector"
    },
    {
      "name": "PypiTokenDetector"
    },
    {
      "name": "SendGridDetector"
    },
    {
      "name": "SlackDetector"
    },
    {
      "name": "SoftlayerDetector"
    },
    {
      "name": "SquareOAuthDetector"
    },
    {
      "name": "StripeDetector"
    },
    {
      "name": "TelegramBotTokenDetector"
    },
    {
      "name": "TwilioKeyDetector"
    }
  ],
  "filters_used": [
    {
      "path": "detect_secrets.filters.allowlist.is_line_allowlisted"
    },
    {
      "path": "detect_secrets.filters.common.is_baseline_file",
      "filename": ".secrets.baseline"
    },
    {
      "path": "detect_secrets.filters.common.is_ignored_due_to_verification_policies",
      "min_level": 2
    },
    {
      "path": "detect_secrets.filters.heuristic.is_indirect_reference"
    },
    {
      "path": "detect_secrets.filters.heuristic.is_likely_id_string"
    },
    {
      "path": "detect_secrets.filters.heuristic.is_lock_file"
    },
    {
      "path": "detect_secrets.filters.heuristic.is_not_alphanumeric_string"
    },
    {
      "path": "detect_secrets.filters.heuristic.is_potential_uuid"
    },
    {
      "path": "detect_secrets.filters.heuristic.is_prefixed_with_dollar_sign"
    },
    {
      "path": "detect_secrets.filters.heuristic.is_sequential_string"
    },
    {
      "path": "detect_secrets.filters.heuristic.is_swagger_file"
    },
    {
      "path": "detect_secrets.filters.heuristic.is_templated_secret"
    },
    {
      "path": "detect_secrets.filters.regex.should_exclude_file",
      "pattern": [
        "\\.env$"
      ]
    }
  ],
  "results": {
    "notebooks/02_eda.ipynb": [
      {
        "type": "Base64 High Entropy String",
        "filename": "notebooks/02_eda.ipynb",
        "hashed_secret": "3be69f96828d4a481e6aec54a2b43ac419057e9e",
        "is_verified": false,
        "line_number": 163
      },
      {
        "type": "Base64 High Entropy String",
        "filename": "notebooks/02_eda.ipynb",
        "hashed_secret": "96a04a78b1ac69227702bb9c9ddabf1ed110afb5",
        "is_verified": false,
        "line_number": 224
      },
      {
        "type": "Base64 High Entropy String",
        "filename": "notebooks/02_eda.ipynb",
        "hashed_secret": "03ac11884dbdaabdfe0699eb26123b1ec147ccc2",
        "is_verified": false,
        "line_number": 391
      },
      {
        "type": "Base64 High Entropy String",
        "filename": "notebooks/02_eda.ipynb",
        "hashed_secret": "c79a7d36eb3b17b99752f8f3e6637a11119fb8f8",
        "is_verified": false,
        "line_number": 427
      }
    ],
    "notebooks/03_calibration_analysis.ipynb": [
      {
        "type": "Base64 High Entropy String",
        "filename": "notebooks/03_calibration_analysis.ipynb",
        "hashed_secret": "0e2ea3a26b609c6164e725261230c8e8c475524b",
        "is_verified": false,
        "line_number": 172
      },
      {
        "type": "Base64 High Entropy String",
        "filename": "notebooks/03_calibration_analysis.ipynb",
        "hashed_secret": "eb5f490ced2ef13f26ba00ed2b389dfc09f704bf",
        "is_verified": false,
        "line_number": 678
      },
      {
        "type": "Base64 High Entropy String",
        "filename": "notebooks/03_calibration_analysis.ipynb",
        "hashed_secret": "f754831e238e14288c718b0fe9bd2fcdf15d5b7c",
        "is_verified": false,
        "line_number": 988
      },
      {
        "type": "Base64 High Entropy String",
        "filename": "notebooks/03_calibration_analysis.ipynb",
        "hashed_secret": "2d4d74c1687c46a65f91b6670a0ec400154374b8",
        "is_verified": false,
        "line_number": 1098
      },
      {
        "type": "Base64 High Entropy String",
        "filename": "notebooks/03_calibration_analysis.ipynb",
        "hashed_secret": "6459cae3dac35c127f46f180e4fc485c06da309a",
        "is_verified": false,
        "line_number": 1125
      },
      {
        "type": "Base64 High Entropy String",
        "filename": "notebooks/03_calibration_analysis.ipynb",
        "hashed_secret": "1492609581274cbba950294e2f57bbc2c0804099",
        "is_verified": false,
        "line_number": 1152
      },
      {
        "type": "Base64 High Entropy String",
        "filename": "notebooks/03_calibration_analysis.ipynb",
        "hashed_secret": "cae935fc9af23c9a5617478b1d75bd870635f5ec",
        "is_verified": false,
        "line_number": 1248
      },
      {
        "type": "Base64 High Entropy String",
        "filename": "notebooks/03_calibration_analysis.ipynb",
        "hashed_secret": "92de5da9bf5335c9f3f15a0ed4dd72cb1886a681",
        "is_verified": false,
        "line_number": 1285
      },
      {
        "type": "Base64 High Entropy String",
        "filename": "notebooks/03_calibration_analysis.ipynb",
        "hashed_secret": "150851be5625185e6165d1c832f250cf8dc9540e",
        "is_verified": false,
        "line_number": 1379
      },
      {
        "type": "Base64 High Entropy String",
        "filename": "notebooks/03_calibration_analysis.ipynb",
        "hashed_secret": "b50ebafe5af6f57ea26a37cdaf04e97d4e4f134d",
        "is_verified": false,
        "line_number": 1965
      },
      {
        "type": "Base64 High Entropy String",
        "filename": "notebooks/03_calibration_analysis.ipynb",
        "hashed_secret": "60770aaf796319b6f8723fae1c7115de0161eb70",
        "is_verified": false,
        "line_number": 2045
      },
      {
        "type": "Base64 High Entropy String",
        "filename": "notebooks/03_calibration_analysis.ipynb",
        "hashed_secret": "356cfd5b6ff8e8a9105975819ddc7f85faec77b8",
        "is_verified": false,
        "line_number": 2107
      }
    ]
  },
  "generated_at": "2026-04-26T16:14:25Z"
}
